c --- [ banner ] -------------------------------------------------------------
c 
c CaDiCaL SAT Solver
c Copyright (c) 2016-2026
c A. Biere, M. Fleury, N. Froleyks, K. Fazekas, F. Pollitt, T. Faller
c JKU Linz, University of Freiburg, TU Wien
c 
c Version 3.0.1
c g++-16.2.0
c Sep 21 2026 11:21:26
c 
c --- [ proof tracing ] ------------------------------------------------------
c 
c opening file to write 'D:\Users\admin\Desktop\JSP-000746\certificates\core.lrat'
c writing non-binary proof trace to 'D:\Users\admin\Desktop\JSP-000746\certificates\core.lrat'
c 
c --- [ parsing input ] ------------------------------------------------------
c 
c reading DIMACS file from 'D:\Users\admin\Desktop\JSP-000746\certificates\core.cnf'
c opening file to read 'D:\Users\admin\Desktop\JSP-000746\certificates\core.cnf'
c found 'p cnf 153 888' header
c parsed 888 clauses in 0.00 seconds process time
c 
c --- [ options ] ------------------------------------------------------------
c 
c   --binary=false                 (different from default 'true')
c   --lrat=true                    (different from default 'false')
c 
c --- [ solving ] ------------------------------------------------------------
c 
c time measured in process time since initialization
c 
c  seconds  reduction conflicts       size tier2     variables
c         MB    restarts   redundant    glue  trail      remaining
c          level     rate       size/glu tier1 irredundant
c 
c *  0.00  4  0 0   0  0    0    0 0.0 0 0 2 6  0%  888 153 100%
c )  0.00  4  0 0   0  0    0    0 0.0 0 0 2 6  0%  888 153 100%
c {  0.00  4  0 0   0  0    0    0 0.0 0 0 2 6  0%  888 153 100%
c -  0.00  5 15 1  13  2  300  240 1.7 7 4 2 6 52%  888 153 100%
c -  0.00  5 11 2  38  2  733  574 1.8 7 4 2 6 46%  888 153 100%
c }  0.02  5 10 2  51  2 1001  774 1.9 7 4 2 6 45%  888 153 100%
c [  0.02  5  0 2  51  0 1001  774 0.0 0 0 2 6  0%  888 153 100%
c O  0.02  5  2 2  51  3 1002  775 1.5 3 2 2 6 27%  888 153 100%
c i  0.02  5  3 2  51  1 1017  780 2.2 4 2 2 6 38%  888 152 99%
c -  0.02  5  6 3  51  1 1409  854 1.9 7 4 2 6 43%  872 152 99%
c i  0.02  5  6 3  51  1 1442  868 1.9 7 4 2 6 43%  872 151 99%
c ]  0.02  5  6 3  51  1 1680 1045 1.9 7 4 2 6 45%  872 151 99%
c {  0.02  5 10 3  51  2 1680 1045 1.9 7 4 2 6 45%  872 151 99%
c i  0.02  5 10 3  51  2 1741 1071 1.8 7 4 2 6 45%  872 150 98%
c i  0.02  5  9 3  51  2 1819 1110 1.8 7 4 2 6 44%  872 149 97%
c i  0.02  5  9 3  51  2 2013 1251 1.9 7 4 2 6 45%  872 148 97%
c i  0.02  5  8 3  51  2 2089 1303 1.9 7 4 2 6 45%  872 144 94%
c i  0.02  5  8 3  51  2 2118 1323 1.9 7 4 2 6 45%  872 137 90%
c }  0.02  5  8 3  51  2 2121 1323 1.9 7 4 2 6 45%  872 132 86%
c 0  0.02  5  8 3  51  2 2121 1323 1.9 7 4 2 6 45%  872 132 86%
c 
c --- [ closing proof ] ------------------------------------------------------
c 
c LRAT proof file 'D:\Users\admin\Desktop\JSP-000746\certificates\core.lrat' closed
c LRAT 2076 added clauses 73.54%
c LRAT 747 deleted clauses 26.46%
c LRAT 218950 bytes (0.21 MB)
c 
c --- [ result ] -------------------------------------------------------------
c 
s UNSATISFIABLE
c 
c --- [ run-time profiling ] -------------------------------------------------
c 
c process time taken by individual solving procedures
c (percentage relative to process time for solving)
c 
c         0.02  100.00% search
c         0.02  100.00% unstable
c         0.00    0.00% simplify
c         0.00    0.00% parse
c   =================================
c         0.02  100.00% solve
c 
c last line shows process time for solving
c (percentage relative to total process time)
c 
c --- [ statistics ] ---------------------------------------------------------
c 
c chronological:               591        27.86 %  of conflicts
c conflicts:                  2121    135744.00    per second
c backbone:                    918       600.00 %  of vars
c decisions:                  2943    188352.00    per second
c fixed:                        21        13.73 %  of all variables
c learned:                    2019        95.19 %  per conflict
c learned_lits:              18447       100.00 %  learned literals
c minimized:                     0         0.00 %  learned literals
c shrunken:                   3290        17.83 %  learned literals
c minishrunken:               1437         7.79 %  learned literals
c otfs:                         41         1.93 %  of conflict
c propagations:              55358         3.54 M  per second
c reduced:                     138         6.51 %  per conflict
c rephased:                      1      2121.00    interval
c restarts:                     51        41.59    interval
c stabilizing:                   1        31.82 %  of conflicts
c subsumed:                    420        14.49 %  of all clauses
c strengthened:                 40         1.38 %  of all clauses
c ticks:                    540121         9.76    propagation
c 
c seconds are measured in process time for solving
c 
c --- [ glue usage ] ---------------------------------------------------------
c 
c focused glue 1 used 2528 clauses 52.36% accumulated 52.36% tier1
c focused glue 2 used 1304 clauses 27.00% accumulated 79.37% tier2
c 
c stable glue 2 used 673 clauses 22.34% accumulated 77.95% tier1
c stable glue 3 used 304 clauses 10.09% accumulated 88.04%
c stable glue 4 used 170 clauses 5.644% accumulated 93.69%
c stable glue 5 used 111 clauses 3.685% accumulated 97.37%
c stable glue 6 used 56 clauses 1.859% accumulated 99.23% tier2
c 
c 
c --- [ resources ] ----------------------------------------------------------
c 
c total process time since initialization:         0.02    seconds
c total real time since initialization:            0.02    seconds
c maximum resident set size of process:            5.33    MB
c 
c --- [ shutting down ] ------------------------------------------------------
c 
c exit 20
